[    1553ms] [INFO] %cDownload the React DevTools for a better development experience: https://react.dev/link/react-devtools font-weight:bold @ http://localhost:3000/_next/static/chunks/node_modules_next_dist_115brz8._.js:2477
[    1671ms] [LOG] [HMR] connected @ http://localhost:3000/_next/static/chunks/node_modules_next_dist_115brz8._.js:2477
[    5259ms] [WARNING] The resource http://localhost:3000/_next/static/chunks/_1394m-z._.css was preloaded using link preload but not used within a few seconds from the window's load event. Please make sure it has an appropriate `as` value and it is preloaded intentionally. @ http://localhost:3000/:0
[   49160ms] [LOG] [Fast Refresh] rebuilding @ http://localhost:3000/_next/static/chunks/node_modules_next_dist_115brz8._.js:2477
[   49244ms] [ERROR] ./components/site/SiteHeader.tsx:166:1
Unexpected token. Did you mean `{'}'}` or `&rbrace;`?
  164 |     </div>
  165 |   );
> 166 | }
      | ^
  167 |

Parsing ecmascript source code failed

Import trace:
  Server Component:
    ./components/site/SiteHeader.tsx
    ./app/layout.tsx @ http://localhost:3000/_next/static/chunks/node_modules_next_dist_115brz8._.js:3318
[   49394ms] [LOG] [Fast Refresh] rebuilding @ http://localhost:3000/_next/static/chunks/node_modules_next_dist_115brz8._.js:2477
[   50633ms] [ERROR] ./components/site/SiteHeader.tsx:166:1
Unexpected token. Did you mean `{'}'}` or `&rbrace;`?
  164 |     </div>
  165 |   );
> 166 | }
      | ^
  167 |

Parsing ecmascript source code failed

Import trace:
  Server Component:
    ./components/site/SiteHeader.tsx
    ./app/layout.tsx @ http://localhost:3000/_next/static/chunks/node_modules_next_dist_115brz8._.js:3318
[   50633ms] [ERROR] Failed to load resource: the server responded with a status of 500 (Internal Server Error) @ http://localhost:3000/?_rsc=q3mOO9BClNZHexY7:0
[   50661ms] [ERROR] Failed to load resource: the server responded with a status of 500 (Internal Server Error) @ http://localhost:3000/?_rsc=q3mOO9BClNZHexY7:0
[   50689ms] [ERROR] Failed to load resource: the server responded with a status of 500 (Internal Server Error) @ http://localhost:3000/:0
[   51196ms] [INFO] %cDownload the React DevTools for a better development experience: https://react.dev/link/react-devtools font-weight:bold @ http://localhost:3000/_next/static/chunks/node_modules_react-dom_0bruynb._.js:15305
[   51258ms] Error: ./components/site/SiteHeader.tsx:166:1
Unexpected token. Did you mean `{'}'}` or `&rbrace;`?
  164 |     </div>
  165 |   );
> 166 | }
      | ^
  167 |

Parsing ecmascript source code failed

Import trace:
  Server Component:
    ./components/site/SiteHeader.tsx
    ./app/layout.tsx


    at <unknown> (Error: ./components/site/SiteHeader.tsx:166:1)
    at Object.getCompilationErrors (file://C:\DEV\koala webiste react\koala-site-nextjs\node_modules\next\dist\server\dev\hot-reloader-turbopack.js:1186:59)
    at DevBundlerService.getCompilationError (file://C:\DEV\koala webiste react\koala-site-nextjs\node_modules\next\dist\server\lib\dev-bundler-service.js:44:55)
    at DevServer.getCompilationError (file://C:\DEV\koala webiste react\koala-site-nextjs\node_modules\next\dist\server\dev\next-dev-server.js:720:42)
    at DevServer.findPageComponents (file://C:\DEV\koala webiste react\koala-site-nextjs\node_modules\next\dist\server\dev\next-dev-server.js:690:43)
    at async DevServer.renderErrorToResponseImpl (file://C:\DEV\koala webiste react\koala-site-nextjs\node_modules\next\dist\server\base-server.js:1753:26)
[   51258ms] [LOG] [HMR] connected @ http://localhost:3000/_next/static/chunks/node_modules_next_dist_0u_w_5s._.js:1226
[   51262ms] [ERROR] ./components/site/SiteHeader.tsx:166:1
Unexpected token. Did you mean `{'}'}` or `&rbrace;`?
  164 |     </div>
  165 |   );
> 166 | }
      | ^
  167 |

Parsing ecmascript source code failed

Import trace:
  Server Component:
    ./components/site/SiteHeader.tsx
    ./app/layout.tsx @ http://localhost:3000/_next/static/chunks/node_modules_next_dist_0u_w_5s._.js:1945
[   51262ms] [ERROR] ./components/site/SiteHeader.tsx:166:1
Unexpected token. Did you mean `{'}'}` or `&rbrace;`?
  164 |     </div>
  165 |   );
> 166 | }
      | ^
  167 |

Parsing ecmascript source code failed

Import trace:
  Server Component:
    ./components/site/SiteHeader.tsx
    ./app/layout.tsx @ http://localhost:3000/_next/static/chunks/node_modules_next_dist_0u_w_5s._.js:1945
[   51262ms] [ERROR] ./components/site/SiteHeader.tsx:166:1
Unexpected token. Did you mean `{'}'}` or `&rbrace;`?
  164 |     </div>
  165 |   );
> 166 | }
      | ^
  167 |

Parsing ecmascript source code failed

Import trace:
  Server Component:
    ./components/site/SiteHeader.tsx
    ./app/layout.tsx @ http://localhost:3000/_next/static/chunks/node_modules_next_dist_0u_w_5s._.js:1945
[   51263ms] [ERROR] ./components/site/SiteHeader.tsx:166:1
Unexpected token. Did you mean `{'}'}` or `&rbrace;`?
  164 |     </div>
  165 |   );
> 166 | }
      | ^
  167 |

Parsing ecmascript source code failed

Import trace:
  Server Component:
    ./components/site/SiteHeader.tsx
    ./app/layout.tsx @ http://localhost:3000/_next/static/chunks/node_modules_next_dist_0u_w_5s._.js:1945
[   51263ms] [ERROR] ./components/site/SiteHeader.tsx:166:1
Unexpected token. Did you mean `{'}'}` or `&rbrace;`?
  164 |     </div>
  165 |   );
> 166 | }
      | ^
  167 |

Parsing ecmascript source code failed

Import trace:
  Server Component:
    ./components/site/SiteHeader.tsx
    ./app/layout.tsx @ http://localhost:3000/_next/static/chunks/node_modules_next_dist_0u_w_5s._.js:1945
[   51263ms] [ERROR] ./components/site/SiteHeader.tsx:166:1
Unexpected token. Did you mean `{'}'}` or `&rbrace;`?
  164 |     </div>
  165 |   );
> 166 | }
      | ^
  167 |

Parsing ecmascript source code failed

Import trace:
  Server Component:
    ./components/site/SiteHeader.tsx
    ./app/layout.tsx @ http://localhost:3000/_next/static/chunks/node_modules_next_dist_0u_w_5s._.js:1945
[   51358ms] [ERROR] ./components/site/SiteHeader.tsx:166:1
Unexpected token. Did you mean `{'}'}` or `&rbrace;`?
  164 |     </div>
  165 |   );
> 166 | }
      | ^
  167 |

Parsing ecmascript source code failed

Import trace:
  Server Component:
    ./components/site/SiteHeader.tsx
    ./app/layout.tsx @ http://localhost:3000/_next/static/chunks/node_modules_next_dist_0u_w_5s._.js:1945
[   51368ms] [LOG] [Fast Refresh] rebuilding @ http://localhost:3000/_next/static/chunks/node_modules_next_dist_0u_w_5s._.js:1226
[   65212ms] [ERROR] ./components/site/SiteHeader.tsx:166:1
Unexpected token. Did you mean `{'}'}` or `&rbrace;`?
  164 |     </div>
  165 |   );
> 166 | }
      | ^
  167 |

Parsing ecmascript source code failed

Import trace:
  Server Component:
    ./components/site/SiteHeader.tsx
    ./app/layout.tsx @ http://localhost:3000/_next/static/chunks/node_modules_next_dist_0u_w_5s._.js:1945
[   65324ms] [LOG] [Fast Refresh] rebuilding @ http://localhost:3000/_next/static/chunks/node_modules_next_dist_0u_w_5s._.js:1226
[   65380ms] [ERROR] ./components/site/SiteHeader.tsx:165:7
Expected '>', got 'ident'
  163 |         </div>
  164 |       </div>
> 165 |     </div>
      |       ^^^
  166 |   );
  167 | }
  168 |

Parsing ecmascript source code failed

Import trace:
  Server Component:
    ./components/site/SiteHeader.tsx
    ./app/layout.tsx @ http://localhost:3000/_next/static/chunks/node_modules_next_dist_0u_w_5s._.js:1945
[   65410ms] [ERROR] Failed to load resource: the server responded with a status of 500 (Internal Server Error) @ http://localhost:3000/:0
[   65438ms] [INFO] %cDownload the React DevTools for a better development experience: https://react.dev/link/react-devtools font-weight:bold @ http://localhost:3000/_next/static/chunks/node_modules_react-dom_0bruynb._.js:15305
[   65453ms] Error: ./components/site/SiteHeader.tsx:165:7
Expected '>', got 'ident'
  163 |         </div>
  164 |       </div>
> 165 |     </div>
      |       ^^^
  166 |   );
  167 | }
  168 |

Parsing ecmascript source code failed

Import trace:
  Server Component:
    ./components/site/SiteHeader.tsx
    ./app/layout.tsx


    at <unknown> (Error: ./components/site/SiteHeader.tsx:165:7)
    at Object.getCompilationErrors (file://C:\DEV\koala webiste react\koala-site-nextjs\node_modules\next\dist\server\dev\hot-reloader-turbopack.js:1186:59)
    at DevBundlerService.getCompilationError (file://C:\DEV\koala webiste react\koala-site-nextjs\node_modules\next\dist\server\lib\dev-bundler-service.js:44:55)
    at DevServer.getCompilationError (file://C:\DEV\koala webiste react\koala-site-nextjs\node_modules\next\dist\server\dev\next-dev-server.js:720:42)
    at DevServer.findPageComponents (file://C:\DEV\koala webiste react\koala-site-nextjs\node_modules\next\dist\server\dev\next-dev-server.js:690:43)
    at async DevServer.renderErrorToResponseImpl (file://C:\DEV\koala webiste react\koala-site-nextjs\node_modules\next\dist\server\base-server.js:1753:26)
[   65454ms] [LOG] [HMR] connected @ http://localhost:3000/_next/static/chunks/node_modules_next_dist_0u_w_5s._.js:1226
[   65456ms] [ERROR] ./components/site/SiteHeader.tsx:165:7
Expected '>', got 'ident'
  163 |         </div>
  164 |       </div>
> 165 |     </div>
      |       ^^^
  166 |   );
  167 | }
  168 |

Parsing ecmascript source code failed

Import trace:
  Server Component:
    ./components/site/SiteHeader.tsx
    ./app/layout.tsx @ http://localhost:3000/_next/static/chunks/node_modules_next_dist_0u_w_5s._.js:1945
[   65456ms] [ERROR] ./components/site/SiteHeader.tsx:165:7
Expected '>', got 'ident'
  163 |         </div>
  164 |       </div>
> 165 |     </div>
      |       ^^^
  166 |   );
  167 | }
  168 |

Parsing ecmascript source code failed

Import trace:
  Server Component:
    ./components/site/SiteHeader.tsx
    ./app/layout.tsx @ http://localhost:3000/_next/static/chunks/node_modules_next_dist_0u_w_5s._.js:1945
[   65456ms] [ERROR] ./components/site/SiteHeader.tsx:165:7
Expected '>', got 'ident'
  163 |         </div>
  164 |       </div>
> 165 |     </div>
      |       ^^^
  166 |   );
  167 | }
  168 |

Parsing ecmascript source code failed

Import trace:
  Server Component:
    ./components/site/SiteHeader.tsx
    ./app/layout.tsx @ http://localhost:3000/_next/static/chunks/node_modules_next_dist_0u_w_5s._.js:1945
[   65456ms] [ERROR] ./components/site/SiteHeader.tsx:165:7
Expected '>', got 'ident'
  163 |         </div>
  164 |       </div>
> 165 |     </div>
      |       ^^^
  166 |   );
  167 | }
  168 |

Parsing ecmascript source code failed

Import trace:
  Server Component:
    ./components/site/SiteHeader.tsx
    ./app/layout.tsx @ http://localhost:3000/_next/static/chunks/node_modules_next_dist_0u_w_5s._.js:1945
[   65456ms] [ERROR] ./components/site/SiteHeader.tsx:165:7
Expected '>', got 'ident'
  163 |         </div>
  164 |       </div>
> 165 |     </div>
      |       ^^^
  166 |   );
  167 | }
  168 |

Parsing ecmascript source code failed

Import trace:
  Server Component:
    ./components/site/SiteHeader.tsx
    ./app/layout.tsx @ http://localhost:3000/_next/static/chunks/node_modules_next_dist_0u_w_5s._.js:1945
[   65456ms] [ERROR] ./components/site/SiteHeader.tsx:165:7
Expected '>', got 'ident'
  163 |         </div>
  164 |       </div>
> 165 |     </div>
      |       ^^^
  166 |   );
  167 | }
  168 |

Parsing ecmascript source code failed

Import trace:
  Server Component:
    ./components/site/SiteHeader.tsx
    ./app/layout.tsx @ http://localhost:3000/_next/static/chunks/node_modules_next_dist_0u_w_5s._.js:1945
[   65496ms] [ERROR] ./components/site/SiteHeader.tsx:165:7
Expected '>', got 'ident'
  163 |         </div>
  164 |       </div>
> 165 |     </div>
      |       ^^^
  166 |   );
  167 | }
  168 |

Parsing ecmascript source code failed

Import trace:
  Server Component:
    ./components/site/SiteHeader.tsx
    ./app/layout.tsx @ http://localhost:3000/_next/static/chunks/node_modules_next_dist_0u_w_5s._.js:1945
[   65572ms] [LOG] [Fast Refresh] rebuilding @ http://localhost:3000/_next/static/chunks/node_modules_next_dist_0u_w_5s._.js:1226
[   66636ms] [LOG] [Fast Refresh] rebuilding @ http://localhost:3000/_next/static/chunks/node_modules_next_dist_0u_w_5s._.js:1226
[   67029ms] [LOG] [Fast Refresh] done in 134ms @ http://localhost:3000/_next/static/chunks/node_modules_next_dist_0u_w_5s._.js:1226
[   67665ms] [LOG] [Fast Refresh] rebuilding @ http://localhost:3000/_next/static/chunks/node_modules_next_dist_0u_w_5s._.js:1226
[   67708ms] [LOG] [Fast Refresh] done in 151ms @ http://localhost:3000/_next/static/chunks/node_modules_next_dist_0u_w_5s._.js:1226
[   67815ms] [INFO] %cDownload the React DevTools for a better development experience: https://react.dev/link/react-devtools font-weight:bold @ http://localhost:3000/_next/static/chunks/node_modules_next_dist_115brz8._.js:2477
[   67880ms] [LOG] [HMR] connected @ http://localhost:3000/_next/static/chunks/node_modules_next_dist_115brz8._.js:2477
[   70911ms] [LOG] [Fast Refresh] rebuilding @ http://localhost:3000/_next/static/chunks/node_modules_next_dist_115brz8._.js:2477
[   70943ms] [LOG] [Fast Refresh] done in 27ms @ http://localhost:3000/_next/static/chunks/node_modules_next_dist_115brz8._.js:2477
[   76110ms] [WARNING] The resource http://localhost:3000/_next/static/chunks/_1394m-z._.css was preloaded using link preload but not used within a few seconds from the window's load event. Please make sure it has an appropriate `as` value and it is preloaded intentionally. @ http://localhost:3000/:0
